[debug] [2025-11-08T10:36:14.189Z] ----------------------------------------------------------------------
[debug] [2025-11-08T10:36:14.191Z] Command:       /Users/ravalipriya/.nvm/versions/node/v20.19.5/bin/node /Users/ravalipriya/.nvm/versions/node/v20.19.5/bin/firebase deploy --only functions
[debug] [2025-11-08T10:36:14.191Z] CLI Version:   14.22.0
[debug] [2025-11-08T10:36:14.191Z] Platform:      darwin
[debug] [2025-11-08T10:36:14.191Z] Node Version:  v20.19.5
[debug] [2025-11-08T10:36:14.191Z] Time:          Sat Nov 08 2025 16:06:14 GMT+0530 (India Standard Time)
[debug] [2025-11-08T10:36:14.191Z] ----------------------------------------------------------------------
[debug] 
[debug] [2025-11-08T10:36:14.296Z] > command requires scopes: ["email","openid","https://www.googleapis.com/auth/cloudplatformprojects.readonly","https://www.googleapis.com/auth/firebase","https://www.googleapis.com/auth/cloud-platform"]
[debug] [2025-11-08T10:36:14.296Z] > authorizing via signed-in user (tinystepselearning@gmail.com)
[debug] [2025-11-08T10:36:14.296Z] [iam] checking project tinysteps-react-v1 for permissions ["cloudfunctions.functions.create","cloudfunctions.functions.delete","cloudfunctions.functions.get","cloudfunctions.functions.list","cloudfunctions.functions.update","cloudfunctions.operations.get","firebase.projects.get"]
[debug] [2025-11-08T10:36:14.297Z] Checked if tokens are valid: true, expires at: 1762601236725
[debug] [2025-11-08T10:36:14.297Z] Checked if tokens are valid: true, expires at: 1762601236725
[debug] [2025-11-08T10:36:14.297Z] >>> [apiv2][query] POST https://cloudresourcemanager.googleapis.com/v1/projects/tinysteps-react-v1:testIamPermissions [none]
[debug] [2025-11-08T10:36:14.297Z] >>> [apiv2][(partial)header] POST https://cloudresourcemanager.googleapis.com/v1/projects/tinysteps-react-v1:testIamPermissions x-goog-quota-user=projects/tinysteps-react-v1
[debug] [2025-11-08T10:36:14.297Z] >>> [apiv2][body] POST https://cloudresourcemanager.googleapis.com/v1/projects/tinysteps-react-v1:testIamPermissions {"permissions":["cloudfunctions.functions.create","cloudfunctions.functions.delete","cloudfunctions.functions.get","cloudfunctions.functions.list","cloudfunctions.functions.update","cloudfunctions.operations.get","firebase.projects.get"]}
[debug] [2025-11-08T10:36:15.907Z] <<< [apiv2][status] POST https://cloudresourcemanager.googleapis.com/v1/projects/tinysteps-react-v1:testIamPermissions 200
[debug] [2025-11-08T10:36:15.907Z] <<< [apiv2][body] POST https://cloudresourcemanager.googleapis.com/v1/projects/tinysteps-react-v1:testIamPermissions {"permissions":["cloudfunctions.functions.create","cloudfunctions.functions.delete","cloudfunctions.functions.get","cloudfunctions.functions.list","cloudfunctions.functions.update","cloudfunctions.operations.get","firebase.projects.get"]}
[debug] [2025-11-08T10:36:15.908Z] Checked if tokens are valid: true, expires at: 1762601236725
[debug] [2025-11-08T10:36:15.908Z] Checked if tokens are valid: true, expires at: 1762601236725
[debug] [2025-11-08T10:36:15.908Z] >>> [apiv2][query] POST https://iam.googleapis.com/v1/projects/tinysteps-react-v1/serviceAccounts/tinysteps-react-v1@appspot.gserviceaccount.com:testIamPermissions [none]
[debug] [2025-11-08T10:36:15.908Z] >>> [apiv2][body] POST https://iam.googleapis.com/v1/projects/tinysteps-react-v1/serviceAccounts/tinysteps-react-v1@appspot.gserviceaccount.com:testIamPermissions {"permissions":["iam.serviceAccounts.actAs"]}
[debug] [2025-11-08T10:36:17.945Z] ----------------------------------------------------------------------
[debug] [2025-11-08T10:36:17.947Z] Command:       /Users/ravalipriya/.nvm/versions/node/v20.19.5/bin/node /Users/ravalipriya/.nvm/versions/node/v20.19.5/bin/firebase deploy --only functions
[debug] [2025-11-08T10:36:17.947Z] CLI Version:   14.22.0
[debug] [2025-11-08T10:36:17.947Z] Platform:      darwin
[debug] [2025-11-08T10:36:17.947Z] Node Version:  v20.19.5
[debug] [2025-11-08T10:36:17.947Z] Time:          Sat Nov 08 2025 16:06:17 GMT+0530 (India Standard Time)
[debug] [2025-11-08T10:36:17.947Z] ----------------------------------------------------------------------
[debug] 
[debug] [2025-11-08T10:36:18.052Z] > command requires scopes: ["email","openid","https://www.googleapis.com/auth/cloudplatformprojects.readonly","https://www.googleapis.com/auth/firebase","https://www.googleapis.com/auth/cloud-platform"]
[debug] [2025-11-08T10:36:18.052Z] > authorizing via signed-in user (tinystepselearning@gmail.com)
[debug] [2025-11-08T10:36:18.052Z] [iam] checking project tinysteps-react-v1 for permissions ["cloudfunctions.functions.create","cloudfunctions.functions.delete","cloudfunctions.functions.get","cloudfunctions.functions.list","cloudfunctions.functions.update","cloudfunctions.operations.get","firebase.projects.get"]
[debug] [2025-11-08T10:36:18.053Z] Checked if tokens are valid: true, expires at: 1762601236725
[debug] [2025-11-08T10:36:18.053Z] Checked if tokens are valid: true, expires at: 1762601236725
[debug] [2025-11-08T10:36:18.053Z] >>> [apiv2][query] POST https://cloudresourcemanager.googleapis.com/v1/projects/tinysteps-react-v1:testIamPermissions [none]
[debug] [2025-11-08T10:36:18.053Z] >>> [apiv2][(partial)header] POST https://cloudresourcemanager.googleapis.com/v1/projects/tinysteps-react-v1:testIamPermissions x-goog-quota-user=projects/tinysteps-react-v1
[debug] [2025-11-08T10:36:18.053Z] >>> [apiv2][body] POST https://cloudresourcemanager.googleapis.com/v1/projects/tinysteps-react-v1:testIamPermissions {"permissions":["cloudfunctions.functions.create","cloudfunctions.functions.delete","cloudfunctions.functions.get","cloudfunctions.functions.list","cloudfunctions.functions.update","cloudfunctions.operations.get","firebase.projects.get"]}
[debug] [2025-11-08T11:27:24.531Z] ----------------------------------------------------------------------
[debug] [2025-11-08T11:27:24.532Z] Command:       /Users/ravalipriya/.nvm/versions/node/v20.19.5/bin/node /Users/ravalipriya/.nvm/versions/node/v20.19.5/bin/firebase deploy --only functions
[debug] [2025-11-08T11:27:24.532Z] CLI Version:   14.22.0
[debug] [2025-11-08T11:27:24.533Z] Platform:      darwin
[debug] [2025-11-08T11:27:24.533Z] Node Version:  v20.19.5
[debug] [2025-11-08T11:27:24.533Z] Time:          Sat Nov 08 2025 16:57:24 GMT+0530 (India Standard Time)
[debug] [2025-11-08T11:27:24.533Z] ----------------------------------------------------------------------
[debug] 
[debug] [2025-11-08T11:27:24.637Z] > command requires scopes: ["email","openid","https://www.googleapis.com/auth/cloudplatformprojects.readonly","https://www.googleapis.com/auth/firebase","https://www.googleapis.com/auth/cloud-platform"]
[debug] [2025-11-08T11:27:24.638Z] > authorizing via signed-in user (tinystepselearning@gmail.com)
[debug] [2025-11-08T11:27:24.638Z] [iam] checking project tinysteps-react-v1 for permissions ["cloudfunctions.functions.create","cloudfunctions.functions.delete","cloudfunctions.functions.get","cloudfunctions.functions.list","cloudfunctions.functions.update","cloudfunctions.operations.get","firebase.projects.get"]
[debug] [2025-11-08T11:27:24.638Z] Checked if tokens are valid: false, expires at: 1762601236725
[debug] [2025-11-08T11:27:24.638Z] Checked if tokens are valid: false, expires at: 1762601236725
[debug] [2025-11-08T11:27:24.638Z] > refreshing access token with scopes: []
[debug] [2025-11-08T11:27:24.639Z] >>> [apiv2][query] POST https://www.googleapis.com/oauth2/v3/token [none]
[debug] [2025-11-08T11:27:24.639Z] >>> [apiv2][body] POST https://www.googleapis.com/oauth2/v3/token [omitted]
[debug] [2025-11-08T11:27:24.847Z] <<< [apiv2][status] POST https://www.googleapis.com/oauth2/v3/token 200
[debug] [2025-11-08T11:27:24.847Z] <<< [apiv2][body] POST https://www.googleapis.com/oauth2/v3/token [omitted]
[debug] [2025-11-08T11:27:24.858Z] >>> [apiv2][query] POST https://cloudresourcemanager.googleapis.com/v1/projects/tinysteps-react-v1:testIamPermissions [none]
[debug] [2025-11-08T11:27:24.858Z] >>> [apiv2][(partial)header] POST https://cloudresourcemanager.googleapis.com/v1/projects/tinysteps-react-v1:testIamPermissions x-goog-quota-user=projects/tinysteps-react-v1
[debug] [2025-11-08T11:27:24.858Z] >>> [apiv2][body] POST https://cloudresourcemanager.googleapis.com/v1/projects/tinysteps-react-v1:testIamPermissions {"permissions":["cloudfunctions.functions.create","cloudfunctions.functions.delete","cloudfunctions.functions.get","cloudfunctions.functions.list","cloudfunctions.functions.update","cloudfunctions.operations.get","firebase.projects.get"]}
[debug] [2025-11-08T11:27:26.303Z] <<< [apiv2][status] POST https://cloudresourcemanager.googleapis.com/v1/projects/tinysteps-react-v1:testIamPermissions 200
[debug] [2025-11-08T11:27:26.304Z] <<< [apiv2][body] POST https://cloudresourcemanager.googleapis.com/v1/projects/tinysteps-react-v1:testIamPermissions {"permissions":["cloudfunctions.functions.create","cloudfunctions.functions.delete","cloudfunctions.functions.get","cloudfunctions.functions.list","cloudfunctions.functions.update","cloudfunctions.operations.get","firebase.projects.get"]}
[debug] [2025-11-08T11:27:26.304Z] Checked if tokens are valid: true, expires at: 1762604843847
[debug] [2025-11-08T11:27:26.304Z] Checked if tokens are valid: true, expires at: 1762604843847
[debug] [2025-11-08T11:27:26.304Z] >>> [apiv2][query] POST https://iam.googleapis.com/v1/projects/tinysteps-react-v1/serviceAccounts/tinysteps-react-v1@appspot.gserviceaccount.com:testIamPermissions [none]
[debug] [2025-11-08T11:27:26.305Z] >>> [apiv2][body] POST https://iam.googleapis.com/v1/projects/tinysteps-react-v1/serviceAccounts/tinysteps-react-v1@appspot.gserviceaccount.com:testIamPermissions {"permissions":["iam.serviceAccounts.actAs"]}
[debug] [2025-11-08T11:27:28.005Z] <<< [apiv2][status] POST https://iam.googleapis.com/v1/projects/tinysteps-react-v1/serviceAccounts/tinysteps-react-v1@appspot.gserviceaccount.com:testIamPermissions 404
[debug] [2025-11-08T11:27:28.006Z] <<< [apiv2][body] POST https://iam.googleapis.com/v1/projects/tinysteps-react-v1/serviceAccounts/tinysteps-react-v1@appspot.gserviceaccount.com:testIamPermissions {"error":{"code":404,"message":"Unknown service account","status":"NOT_FOUND"}}
[debug] [2025-11-08T11:27:28.006Z] [functions] service account IAM check errored, deploy may fail: Request to https://iam.googleapis.com/v1/projects/tinysteps-react-v1/serviceAccounts/tinysteps-react-v1@appspot.gserviceaccount.com:testIamPermissions had HTTP Error: 404, Unknown service account {"name":"FirebaseError","children":[],"context":{"body":{"error":{"code":404,"message":"Unknown service account","status":"NOT_FOUND"}},"response":{"statusCode":404}},"exit":1,"message":"Request to https://iam.googleapis.com/v1/projects/tinysteps-react-v1/serviceAccounts/tinysteps-react-v1@appspot.gserviceaccount.com:testIamPermissions had HTTP Error: 404, Unknown service account","status":404}
[info] 
[info] === Deploying to 'tinysteps-react-v1'...
[info] 
[info] i  deploying functions 
[debug] [2025-11-08T11:27:28.010Z] Checked if tokens are valid: true, expires at: 1762604843847
[debug] [2025-11-08T11:27:28.010Z] Checked if tokens are valid: true, expires at: 1762604843847
[debug] [2025-11-08T11:27:28.010Z] >>> [apiv2][query] GET https://cloudresourcemanager.googleapis.com/v1/projects/tinysteps-react-v1 [none]
[debug] [2025-11-08T11:27:28.351Z] <<< [apiv2][status] GET https://cloudresourcemanager.googleapis.com/v1/projects/tinysteps-react-v1 200
[debug] [2025-11-08T11:27:28.351Z] <<< [apiv2][body] GET https://cloudresourcemanager.googleapis.com/v1/projects/tinysteps-react-v1 {"projectNumber":"31484691215","projectId":"tinysteps-react-v1","lifecycleState":"ACTIVE","name":"tinysteps-react-v1","labels":{"firebase":"enabled","firebase-core":"disabled"},"createTime":"2025-10-30T20:07:30.006079Z"}
[info] i  functions: preparing codebase default for deployment 
[info] i  functions: ensuring required API cloudfunctions.googleapis.com is enabled... 
[info] i  functions: ensuring required API cloudbuild.googleapis.com is enabled... 
[info] i  artifactregistry: ensuring required API artifactregistry.googleapis.com is enabled... 
[debug] [2025-11-08T11:27:28.353Z] Checked if tokens are valid: true, expires at: 1762604843847
[debug] [2025-11-08T11:27:28.353Z] Checked if tokens are valid: true, expires at: 1762604843847
[debug] [2025-11-08T11:27:28.353Z] >>> [apiv2][query] GET https://firebase.googleapis.com/v1beta1/projects/tinysteps-react-v1/adminSdkConfig [none]
[debug] [2025-11-08T11:27:29.646Z] ----------------------------------------------------------------------
[debug] [2025-11-08T11:27:29.648Z] Command:       /Users/ravalipriya/.nvm/versions/node/v20.19.5/bin/node /Users/ravalipriya/.nvm/versions/node/v20.19.5/bin/firebase deploy --only functions
[debug] [2025-11-08T11:27:29.648Z] CLI Version:   14.22.0
[debug] [2025-11-08T11:27:29.648Z] Platform:      darwin
[debug] [2025-11-08T11:27:29.648Z] Node Version:  v20.19.5
[debug] [2025-11-08T11:27:29.648Z] Time:          Sat Nov 08 2025 16:57:29 GMT+0530 (India Standard Time)
[debug] [2025-11-08T11:27:29.648Z] ----------------------------------------------------------------------
[debug] 
[debug] [2025-11-08T11:27:29.749Z] > command requires scopes: ["email","openid","https://www.googleapis.com/auth/cloudplatformprojects.readonly","https://www.googleapis.com/auth/firebase","https://www.googleapis.com/auth/cloud-platform"]
[debug] [2025-11-08T11:27:29.750Z] > authorizing via signed-in user (tinystepselearning@gmail.com)
[debug] [2025-11-08T11:27:29.750Z] [iam] checking project tinysteps-react-v1 for permissions ["cloudfunctions.functions.create","cloudfunctions.functions.delete","cloudfunctions.functions.get","cloudfunctions.functions.list","cloudfunctions.functions.update","cloudfunctions.operations.get","firebase.projects.get"]
[debug] [2025-11-08T11:27:29.750Z] Checked if tokens are valid: true, expires at: 1762604843847
[debug] [2025-11-08T11:27:29.750Z] Checked if tokens are valid: true, expires at: 1762604843847
[debug] [2025-11-08T11:27:29.751Z] >>> [apiv2][query] POST https://cloudresourcemanager.googleapis.com/v1/projects/tinysteps-react-v1:testIamPermissions [none]
[debug] [2025-11-08T11:27:29.751Z] >>> [apiv2][(partial)header] POST https://cloudresourcemanager.googleapis.com/v1/projects/tinysteps-react-v1:testIamPermissions x-goog-quota-user=projects/tinysteps-react-v1
[debug] [2025-11-08T11:27:29.751Z] >>> [apiv2][body] POST https://cloudresourcemanager.googleapis.com/v1/projects/tinysteps-react-v1:testIamPermissions {"permissions":["cloudfunctions.functions.create","cloudfunctions.functions.delete","cloudfunctions.functions.get","cloudfunctions.functions.list","cloudfunctions.functions.update","cloudfunctions.operations.get","firebase.projects.get"]}
[debug] [2025-11-08T11:27:31.122Z] <<< [apiv2][status] POST https://cloudresourcemanager.googleapis.com/v1/projects/tinysteps-react-v1:testIamPermissions 200
[debug] [2025-11-08T11:27:31.122Z] <<< [apiv2][body] POST https://cloudresourcemanager.googleapis.com/v1/projects/tinysteps-react-v1:testIamPermissions {"permissions":["cloudfunctions.functions.create","cloudfunctions.functions.delete","cloudfunctions.functions.get","cloudfunctions.functions.list","cloudfunctions.functions.update","cloudfunctions.operations.get","firebase.projects.get"]}
[debug] [2025-11-08T11:27:31.123Z] Checked if tokens are valid: true, expires at: 1762604843847
[debug] [2025-11-08T11:27:31.123Z] Checked if tokens are valid: true, expires at: 1762604843847
[debug] [2025-11-08T11:27:31.123Z] >>> [apiv2][query] POST https://iam.googleapis.com/v1/projects/tinysteps-react-v1/serviceAccounts/tinysteps-react-v1@appspot.gserviceaccount.com:testIamPermissions [none]
[debug] [2025-11-08T11:27:31.123Z] >>> [apiv2][body] POST https://iam.googleapis.com/v1/projects/tinysteps-react-v1/serviceAccounts/tinysteps-react-v1@appspot.gserviceaccount.com:testIamPermissions {"permissions":["iam.serviceAccounts.actAs"]}
[debug] [2025-11-08T11:27:32.651Z] <<< [apiv2][status] POST https://iam.googleapis.com/v1/projects/tinysteps-react-v1/serviceAccounts/tinysteps-react-v1@appspot.gserviceaccount.com:testIamPermissions 404
[debug] [2025-11-08T11:27:32.651Z] <<< [apiv2][body] POST https://iam.googleapis.com/v1/projects/tinysteps-react-v1/serviceAccounts/tinysteps-react-v1@appspot.gserviceaccount.com:testIamPermissions {"error":{"code":404,"message":"Unknown service account","status":"NOT_FOUND"}}
[debug] [2025-11-08T11:27:32.652Z] [functions] service account IAM check errored, deploy may fail: Request to https://iam.googleapis.com/v1/projects/tinysteps-react-v1/serviceAccounts/tinysteps-react-v1@appspot.gserviceaccount.com:testIamPermissions had HTTP Error: 404, Unknown service account {"name":"FirebaseError","children":[],"context":{"body":{"error":{"code":404,"message":"Unknown service account","status":"NOT_FOUND"}},"response":{"statusCode":404}},"exit":1,"message":"Request to https://iam.googleapis.com/v1/projects/tinysteps-react-v1/serviceAccounts/tinysteps-react-v1@appspot.gserviceaccount.com:testIamPermissions had HTTP Error: 404, Unknown service account","status":404}
[info] 
[info] === Deploying to 'tinysteps-react-v1'...
[info] 
[info] i  deploying functions 
[debug] [2025-11-08T11:27:32.657Z] Checked if tokens are valid: true, expires at: 1762604843847
[debug] [2025-11-08T11:27:32.657Z] Checked if tokens are valid: true, expires at: 1762604843847
[debug] [2025-11-08T11:27:32.658Z] >>> [apiv2][query] GET https://cloudresourcemanager.googleapis.com/v1/projects/tinysteps-react-v1 [none]
[debug] [2025-11-08T11:27:32.983Z] <<< [apiv2][status] GET https://cloudresourcemanager.googleapis.com/v1/projects/tinysteps-react-v1 200
[debug] [2025-11-08T11:27:32.984Z] <<< [apiv2][body] GET https://cloudresourcemanager.googleapis.com/v1/projects/tinysteps-react-v1 {"projectNumber":"31484691215","projectId":"tinysteps-react-v1","lifecycleState":"ACTIVE","name":"tinysteps-react-v1","labels":{"firebase":"enabled","firebase-core":"disabled"},"createTime":"2025-10-30T20:07:30.006079Z"}
[info] i  functions: preparing codebase default for deployment 
[info] i  functions: ensuring required API cloudfunctions.googleapis.com is enabled... 
[info] i  functions: ensuring required API cloudbuild.googleapis.com is enabled... 
[info] i  artifactregistry: ensuring required API artifactregistry.googleapis.com is enabled... 
[debug] [2025-11-08T11:27:32.987Z] Checked if tokens are valid: true, expires at: 1762604843847
[debug] [2025-11-08T11:27:32.987Z] Checked if tokens are valid: true, expires at: 1762604843847
[debug] [2025-11-08T11:27:32.988Z] >>> [apiv2][query] GET https://firebase.googleapis.com/v1beta1/projects/tinysteps-react-v1/adminSdkConfig [none]
[debug] [2025-11-08T11:27:33.668Z] <<< [apiv2][status] GET https://firebase.googleapis.com/v1beta1/projects/tinysteps-react-v1/adminSdkConfig 200
[debug] [2025-11-08T11:27:33.668Z] <<< [apiv2][body] GET https://firebase.googleapis.com/v1beta1/projects/tinysteps-react-v1/adminSdkConfig {"projectId":"tinysteps-react-v1","storageBucket":"tinysteps-react-v1.firebasestorage.app"}
[debug] [2025-11-08T11:27:33.669Z] Checked if tokens are valid: true, expires at: 1762604843847
[debug] [2025-11-08T11:27:33.669Z] Checked if tokens are valid: true, expires at: 1762604843847
[debug] [2025-11-08T11:27:33.669Z] >>> [apiv2][query] GET https://runtimeconfig.googleapis.com/v1beta1/projects/tinysteps-react-v1/configs [none]
[debug] [2025-11-08T11:27:34.190Z] <<< [apiv2][status] GET https://runtimeconfig.googleapis.com/v1beta1/projects/tinysteps-react-v1/configs 200
[debug] [2025-11-08T11:27:34.190Z] <<< [apiv2][body] GET https://runtimeconfig.googleapis.com/v1beta1/projects/tinysteps-react-v1/configs {"configs":[{"name":"projects/tinysteps-react-v1/configs/bootstrap"}]}
[debug] [2025-11-08T11:27:34.191Z] Checked if tokens are valid: true, expires at: 1762604843847
[debug] [2025-11-08T11:27:34.191Z] Checked if tokens are valid: true, expires at: 1762604843847
[debug] [2025-11-08T11:27:34.192Z] >>> [apiv2][query] GET https://runtimeconfig.googleapis.com/v1beta1/projects/tinysteps-react-v1/configs/bootstrap/variables [none]
[debug] [2025-11-08T11:27:34.595Z] <<< [apiv2][status] GET https://runtimeconfig.googleapis.com/v1beta1/projects/tinysteps-react-v1/configs/bootstrap/variables 200
[debug] [2025-11-08T11:27:34.595Z] <<< [apiv2][body] GET https://runtimeconfig.googleapis.com/v1beta1/projects/tinysteps-react-v1/configs/bootstrap/variables {"variables":[{"name":"projects/tinysteps-react-v1/configs/bootstrap/variables/token","updateTime":"2025-11-05T19:11:02.332630312Z"}]}
[debug] [2025-11-08T11:27:34.595Z] Checked if tokens are valid: true, expires at: 1762604843847
[debug] [2025-11-08T11:27:34.595Z] Checked if tokens are valid: true, expires at: 1762604843847
[debug] [2025-11-08T11:27:34.596Z] >>> [apiv2][query] GET https://runtimeconfig.googleapis.com/v1beta1/projects/tinysteps-react-v1/configs/bootstrap/variables/token [none]
[debug] [2025-11-08T11:27:35.107Z] <<< [apiv2][status] GET https://runtimeconfig.googleapis.com/v1beta1/projects/tinysteps-react-v1/configs/bootstrap/variables/token 200
[debug] [2025-11-08T11:27:35.107Z] <<< [apiv2][body] GET https://runtimeconfig.googleapis.com/v1beta1/projects/tinysteps-react-v1/configs/bootstrap/variables/token {"name":"projects/tinysteps-react-v1/configs/bootstrap/variables/token","updateTime":"2025-11-05T19:11:02.332630312Z","text":"57e61e067d592c3cc73b68f39b3f8d99125ca23e3e3ed1ba333b5a61db77581a"}
[debug] [2025-11-08T11:27:35.108Z] Validating nodejs source
[debug] [2025-11-08T11:27:35.714Z] > [functions] package.json contents: {
  "name": "tinysteps-functions",
  "version": "0.1.0",
  "private": true,
  "engines": {
    "node": "20"
  },
  "scripts": {
    "build": "tsc",
    "lint": "eslint --ext .ts src",
    "deploy": "firebase deploy --only functions",
    "serve": "firebase emulators:start --only functions"
  },
  "dependencies": {
    "firebase-admin": "^13.6.0",
    "firebase-functions": "^6.6.0"
  },
  "devDependencies": {
    "@types/node": "^20.11.30",
    "eslint": "^9.0.0",
    "typescript": "^5.9.3"
  },
  "main": "lib/index.js",
  "type": "commonjs"
}
[debug] [2025-11-08T11:27:35.715Z] Building nodejs source
[info] i  functions: Loading and analyzing source code for codebase default to determine what to deploy 
[debug] [2025-11-08T11:27:35.715Z] Could not find functions.yaml. Must use http discovery
[debug] [2025-11-08T11:27:35.722Z] Found firebase-functions binary at '/Users/ravalipriya/Documents/Tinysteps-react-v1/functions/node_modules/.bin/firebase-functions'
[info] Serving at port 8151

[debug] [2025-11-08T11:27:36.019Z] Got response from /__/functions.yaml {"endpoints":{"onAuthCreate":{"availableMemoryMb":null,"timeoutSeconds":null,"minInstances":null,"maxInstances":null,"ingressSettings":null,"concurrency":null,"serviceAccountEmail":null,"vpc":null,"platform":"gcfv2","region":["asia-south1"],"labels":{},"blockingTrigger":{"eventType":"providers/cloud.auth/eventTypes/user.beforeCreate","options":{"accessToken":false,"idToken":false,"refreshToken":false}},"entryPoint":"onAuthCreate"},"onSessionCreate":{"availableMemoryMb":null,"timeoutSeconds":null,"minInstances":null,"maxInstances":null,"ingressSettings":null,"concurrency":null,"serviceAccountEmail":null,"vpc":null,"platform":"gcfv2","labels":{},"eventTrigger":{"eventType":"google.cloud.firestore.document.v1.created","eventFilters":{"database":"(default)","namespace":"(default)"},"eventFilterPathPatterns":{"document":"students/{sid}/sessions/{sessionId}"},"retry":false},"entryPoint":"onSessionCreate"},"adminCreateUser":{"availableMemoryMb":null,"timeoutSeconds":null,"minInstances":null,"maxInstances":null,"ingressSettings":null,"concurrency":null,"serviceAccountEmail":null,"vpc":null,"platform":"gcfv2","region":["asia-south1"],"labels":{},"callableTrigger":{},"entryPoint":"adminCreateUser"},"adminDeleteUser":{"availableMemoryMb":null,"timeoutSeconds":null,"minInstances":null,"maxInstances":null,"ingressSettings":null,"concurrency":null,"serviceAccountEmail":null,"vpc":null,"platform":"gcfv2","region":["asia-south1"],"labels":{},"callableTrigger":{},"entryPoint":"adminDeleteUser"},"migrateParents":{"availableMemoryMb":null,"timeoutSeconds":null,"minInstances":null,"maxInstances":null,"ingressSettings":null,"concurrency":null,"serviceAccountEmail":null,"vpc":null,"platform":"gcfv2","region":["asia-south1"],"labels":{},"callableTrigger":{},"entryPoint":"migrateParents"},"adminSetUserClaims":{"availableMemoryMb":null,"timeoutSeconds":null,"minInstances":null,"maxInstances":null,"ingressSettings":null,"concurrency":null,"serviceAccountEmail":null,"vpc":null,"platform":"gcfv2","region":["asia-south1"],"labels":{},"callableTrigger":{},"entryPoint":"adminSetUserClaims"},"syncAllUserClaims":{"availableMemoryMb":null,"timeoutSeconds":540,"minInstances":null,"maxInstances":null,"ingressSettings":null,"concurrency":null,"serviceAccountEmail":null,"vpc":null,"platform":"gcfv2","region":["asia-south1"],"labels":{},"callableTrigger":{},"entryPoint":"syncAllUserClaims"}},"specVersion":"v1alpha1","requiredAPIs":[{"api":"identitytoolkit.googleapis.com","reason":"Needed for auth blocking functions"}],"extensions":{}}
[info] i  extensions: ensuring required API firebaseextensions.googleapis.com is enabled... 
[debug] [2025-11-08T11:27:40.049Z] > command requires scopes: ["email","openid","https://www.googleapis.com/auth/cloudplatformprojects.readonly","https://www.googleapis.com/auth/firebase","https://www.googleapis.com/auth/cloud-platform"]
[debug] [2025-11-08T11:27:40.050Z] > authorizing via signed-in user (tinystepselearning@gmail.com)
[debug] [2025-11-08T11:27:40.050Z] [iam] checking project tinysteps-react-v1 for permissions ["firebase.projects.get","firebaseextensions.instances.list"]
[debug] [2025-11-08T11:27:40.050Z] Checked if tokens are valid: true, expires at: 1762604843847
[debug] [2025-11-08T11:27:40.050Z] Checked if tokens are valid: true, expires at: 1762604843847
[debug] [2025-11-08T11:27:40.050Z] >>> [apiv2][query] POST https://cloudresourcemanager.googleapis.com/v1/projects/tinysteps-react-v1:testIamPermissions [none]
[debug] [2025-11-08T11:27:40.051Z] >>> [apiv2][(partial)header] POST https://cloudresourcemanager.googleapis.com/v1/projects/tinysteps-react-v1:testIamPermissions x-goog-quota-user=projects/tinysteps-react-v1
[debug] [2025-11-08T11:27:40.051Z] >>> [apiv2][body] POST https://cloudresourcemanager.googleapis.com/v1/projects/tinysteps-react-v1:testIamPermissions {"permissions":["firebase.projects.get","firebaseextensions.instances.list"]}
[debug] [2025-11-08T11:27:41.460Z] <<< [apiv2][status] POST https://cloudresourcemanager.googleapis.com/v1/projects/tinysteps-react-v1:testIamPermissions 200
[debug] [2025-11-08T11:27:41.461Z] <<< [apiv2][body] POST https://cloudresourcemanager.googleapis.com/v1/projects/tinysteps-react-v1:testIamPermissions {"permissions":["firebase.projects.get","firebaseextensions.instances.list"]}
[debug] [2025-11-08T11:27:41.461Z] Checked if tokens are valid: true, expires at: 1762604843847
[debug] [2025-11-08T11:27:41.461Z] Checked if tokens are valid: true, expires at: 1762604843847
[debug] [2025-11-08T11:27:41.462Z] >>> [apiv2][query] GET https://firebaseextensions.googleapis.com/v1beta/projects/tinysteps-react-v1/instances pageSize=100&pageToken=
[debug] [2025-11-08T11:27:43.099Z] <<< [apiv2][status] GET https://firebaseextensions.googleapis.com/v1beta/projects/tinysteps-react-v1/instances 200
[debug] [2025-11-08T11:27:43.099Z] <<< [apiv2][body] GET https://firebaseextensions.googleapis.com/v1beta/projects/tinysteps-react-v1/instances {}
[info] i  functions: preparing functions directory for uploading... 
[info] i  functions: packaged /Users/ravalipriya/Documents/Tinysteps-react-v1/functions (70.21 KB) for uploading 
[debug] [2025-11-08T11:27:43.161Z] Checked if tokens are valid: true, expires at: 1762604843847
[debug] [2025-11-08T11:27:43.161Z] Checked if tokens are valid: true, expires at: 1762604843847
[debug] [2025-11-08T11:27:43.161Z] >>> [apiv2][query] GET https://cloudfunctions.googleapis.com/v1/projects/tinysteps-react-v1/locations/-/functions [none]
[debug] [2025-11-08T11:27:44.408Z] <<< [apiv2][status] GET https://cloudfunctions.googleapis.com/v1/projects/tinysteps-react-v1/locations/-/functions 200
[debug] [2025-11-08T11:27:44.409Z] <<< [apiv2][body] GET https://cloudfunctions.googleapis.com/v1/projects/tinysteps-react-v1/locations/-/functions {}
[debug] [2025-11-08T11:27:44.410Z] Checked if tokens are valid: true, expires at: 1762604843847
[debug] [2025-11-08T11:27:44.410Z] Checked if tokens are valid: true, expires at: 1762604843847
[debug] [2025-11-08T11:27:44.410Z] >>> [apiv2][query] GET https://cloudfunctions.googleapis.com/v2/projects/tinysteps-react-v1/locations/-/functions filter=environment%3D%22GEN_2%22
[debug] [2025-11-08T11:27:47.399Z] <<< [apiv2][status] GET https://cloudfunctions.googleapis.com/v2/projects/tinysteps-react-v1/locations/-/functions 200
[debug] [2025-11-08T11:27:47.400Z] <<< [apiv2][body] GET https://cloudfunctions.googleapis.com/v2/projects/tinysteps-react-v1/locations/-/functions {"functions":[{"name":"projects/tinysteps-react-v1/locations/asia-south1/functions/adminCreateUser","buildConfig":{"build":"projects/31484691215/locations/asia-south1/builds/7f224f14-3bbf-42db-a676-a2f89d2e2b1f","runtime":"nodejs20","entryPoint":"adminCreateUser","source":{"storageSource":{"bucket":"gcf-v2-sources-31484691215-asia-south1","object":"adminCreateUser/function-source.zip","generation":"1762600038208047"}},"environmentVariables":{"GOOGLE_NODE_RUN_SCRIPTS":""},"dockerRepository":"projects/tinysteps-react-v1/locations/asia-south1/repositories/gcf-artifacts","sourceProvenance":{"resolvedStorageSource":{"bucket":"gcf-v2-sources-31484691215-asia-south1","object":"adminCreateUser/function-source.zip","generation":"1762600038208047"}},"dockerRegistry":"ARTIFACT_REGISTRY","serviceAccount":"projects/tinysteps-react-v1/serviceAccounts/31484691215-compute@developer.gserviceaccount.com","automaticUpdatePolicy":{}},"serviceConfig":{"service":"projects/tinysteps-react-v1/locations/asia-south1/services/admincreateuser","timeoutSeconds":60,"environmentVariables":{"FIREBASE_CONFIG":"{\"projectId\":\"tinysteps-react-v1\",\"storageBucket\":\"tinysteps-react-v1.firebasestorage.app\"}","GCLOUD_PROJECT":"tinysteps-react-v1","EVENTARC_CLOUD_EVENT_SOURCE":"projects/tinysteps-react-v1/locations/asia-south1/services/adminCreateUser","FUNCTION_TARGET":"adminCreateUser","LOG_EXECUTION_ID":"true","FUNCTION_SIGNATURE_TYPE":"http"},"maxInstanceCount":20,"ingressSettings":"ALLOW_ALL","uri":"https://admincreateuser-ucavzhfmxq-el.a.run.app","serviceAccountEmail":"31484691215-compute@developer.gserviceaccount.com","availableMemory":"256Mi","allTrafficOnLatestRevision":true,"revision":"admincreateuser-00007-qig","maxInstanceRequestConcurrency":80,"availableCpu":"1"},"state":"ACTIVE","updateTime":"2025-11-08T11:08:02.397271637Z","labels":{"firebase-functions-hash":"73849326e9c0c769ee156844f1881084dddc93e9","deployment-tool":"cli-firebase","deployment-callable":"true"},"environment":"GEN_2","url":"https://asia-south1-tinysteps-react-v1.cloudfunctions.net/adminCreateUser","satisfiesPzs":true,"createTime":"2025-11-05T21:17:08.685575588Z","satisfiesPzi":true},{"name":"projects/tinysteps-react-v1/locations/asia-south1/functions/adminDeleteUser","buildConfig":{"build":"projects/31484691215/locations/asia-south1/builds/0dd9e162-6588-4abd-992e-0ce25a0422c7","runtime":"nodejs20","entryPoint":"adminDeleteUser","source":{"storageSource":{"bucket":"gcf-v2-sources-31484691215-asia-south1","object":"adminDeleteUser/function-source.zip","generation":"1762598270838672"}},"environmentVariables":{"GOOGLE_NODE_RUN_SCRIPTS":""},"dockerRepository":"projects/tinysteps-react-v1/locations/asia-south1/repositories/gcf-artifacts","sourceProvenance":{"resolvedStorageSource":{"bucket":"gcf-v2-sources-31484691215-asia-south1","object":"adminDeleteUser/function-source.zip","generation":"1762598270838672"}},"dockerRegistry":"ARTIFACT_REGISTRY","serviceAccount":"projects/tinysteps-react-v1/serviceAccounts/31484691215-compute@developer.gserviceaccount.com","automaticUpdatePolicy":{}},"serviceConfig":{"service":"projects/tinysteps-react-v1/locations/asia-south1/services/admindeleteuser","timeoutSeconds":60,"environmentVariables":{"FIREBASE_CONFIG":"{\"projectId\":\"tinysteps-react-v1\",\"storageBucket\":\"tinysteps-react-v1.firebasestorage.app\"}","GCLOUD_PROJECT":"tinysteps-react-v1","EVENTARC_CLOUD_EVENT_SOURCE":"projects/tinysteps-react-v1/locations/asia-south1/services/adminDeleteUser","FUNCTION_TARGET":"adminDeleteUser","LOG_EXECUTION_ID":"true","FUNCTION_SIGNATURE_TYPE":"http"},"maxInstanceCount":20,"ingressSettings":"ALLOW_ALL","uri":"https://admindeleteuser-ucavzhfmxq-el.a.run.app","serviceAccountEmail":"31484691215-compute@developer.gserviceaccount.com","availableMemory":"256Mi","allTrafficOnLatestRevision":true,"revision":"admindeleteuser-00002-nus","maxInstanceRequestConcurrency":80,"availableCpu":"1"},"state":"ACTIVE","updateTime":"2025-11-08T10:37:57.958517306Z","labels":{"deployment-callable":"true","firebase-functions-hash":"905ce354940102110f24a878db0933afa0ea059d","deployment-tool":"cli-firebase"},"environment":"GEN_2","url":"https://asia-south1-tinysteps-react-v1.cloudfunctions.net/adminDeleteUser","satisfiesPzs":true,"createTime":"2025-11-06T18:52:39.226033298Z","satisfiesPzi":true},{"name":"projects/tinysteps-react-v1/locations/asia-south1/functions/onAuthCreate","buildConfig":{"build":"projects/31484691215/locations/asia-south1/builds/0dd9e162-6588-4abd-992e-0ce25a0422c7","runtime":"nodejs20","entryPoint":"onAuthCreate","source":{"storageSource":{"bucket":"gcf-v2-sources-31484691215-asia-south1","object":"onAuthCreate/function-source.zip","generation":"1762598218695350"}},"environmentVariables":{"GOOGLE_NODE_RUN_SCRIPTS":""},"dockerRepository":"projects/tinysteps-react-v1/locations/asia-south1/repositories/gcf-artifacts","sourceProvenance":{"resolvedStorageSource":{"bucket":"gcf-v2-sources-31484691215-asia-south1","object":"onAuthCreate/function-source.zip","generation":"1762598218695350"}},"dockerRegistry":"ARTIFACT_REGISTRY","serviceAccount":"projects/tinysteps-react-v1/serviceAccounts/31484691215-compute@developer.gserviceaccount.com","automaticUpdatePolicy":{}},"serviceConfig":{"service":"projects/tinysteps-react-v1/locations/asia-south1/services/onauthcreate","timeoutSeconds":60,"environmentVariables":{"FIREBASE_CONFIG":"{\"projectId\":\"tinysteps-react-v1\",\"storageBucket\":\"tinysteps-react-v1.firebasestorage.app\"}","GCLOUD_PROJECT":"tinysteps-react-v1","EVENTARC_CLOUD_EVENT_SOURCE":"projects/tinysteps-react-v1/locations/asia-south1/services/onAuthCreate","FUNCTION_TARGET":"onAuthCreate","LOG_EXECUTION_ID":"true"},"maxInstanceCount":20,"ingressSettings":"ALLOW_ALL","uri":"https://onauthcreate-ucavzhfmxq-el.a.run.app","serviceAccountEmail":"31484691215-compute@developer.gserviceaccount.com","availableMemory":"256Mi","allTrafficOnLatestRevision":true,"revision":"onauthcreate-00002-cup","maxInstanceRequestConcurrency":80,"availableCpu":"1"},"state":"ACTIVE","updateTime":"2025-11-08T10:37:49.059462296Z","labels":{"deployment-tool":"cli-firebase","deployment-blocking":"before-create","firebase-functions-hash":"905ce354940102110f24a878db0933afa0ea059d"},"environment":"GEN_2","url":"https://asia-south1-tinysteps-react-v1.cloudfunctions.net/onAuthCreate","satisfiesPzs":true,"createTime":"2025-11-05T20:12:03.472810618Z","satisfiesPzi":true},{"name":"projects/tinysteps-react-v1/locations/asia-south1/functions/migrateParents","buildConfig":{"build":"projects/31484691215/locations/asia-south1/builds/0dd9e162-6588-4abd-992e-0ce25a0422c7","runtime":"nodejs20","entryPoint":"migrateParents","source":{"storageSource":{"bucket":"gcf-v2-sources-31484691215-asia-south1","object":"migrateParents/function-source.zip","generation":"1762598270915684"}},"environmentVariables":{"GOOGLE_NODE_RUN_SCRIPTS":""},"dockerRepository":"projects/tinysteps-react-v1/locations/asia-south1/repositories/gcf-artifacts","sourceProvenance":{"resolvedStorageSource":{"bucket":"gcf-v2-sources-31484691215-asia-south1","object":"migrateParents/function-source.zip","generation":"1762598270915684"}},"dockerRegistry":"ARTIFACT_REGISTRY","serviceAccount":"projects/tinysteps-react-v1/serviceAccounts/31484691215-compute@developer.gserviceaccount.com","automaticUpdatePolicy":{}},"serviceConfig":{"service":"projects/tinysteps-react-v1/locations/asia-south1/services/migrateparents","timeoutSeconds":60,"environmentVariables":{"FIREBASE_CONFIG":"{\"projectId\":\"tinysteps-react-v1\",\"storageBucket\":\"tinysteps-react-v1.firebasestorage.app\"}","GCLOUD_PROJECT":"tinysteps-react-v1","EVENTARC_CLOUD_EVENT_SOURCE":"projects/tinysteps-react-v1/locations/asia-south1/services/migrateParents","FUNCTION_TARGET":"migrateParents","LOG_EXECUTION_ID":"true","FUNCTION_SIGNATURE_TYPE":"http"},"maxInstanceCount":20,"ingressSettings":"ALLOW_ALL","uri":"https://migrateparents-ucavzhfmxq-el.a.run.app","serviceAccountEmail":"31484691215-compute@developer.gserviceaccount.com","availableMemory":"256Mi","allTrafficOnLatestRevision":true,"revision":"migrateparents-00002-ruq","maxInstanceRequestConcurrency":80,"availableCpu":"1"},"state":"ACTIVE","updateTime":"2025-11-08T10:37:57.461423684Z","labels":{"deployment-tool":"cli-firebase","deployment-callable":"true","firebase-functions-hash":"905ce354940102110f24a878db0933afa0ea059d"},"environment":"GEN_2","url":"https://asia-south1-tinysteps-react-v1.cloudfunctions.net/migrateParents","satisfiesPzs":true,"createTime":"2025-11-06T18:34:48.859928861Z","satisfiesPzi":true},{"name":"projects/tinysteps-react-v1/locations/asia-south1/functions/syncAllUserClaims","buildConfig":{"build":"projects/31484691215/locations/asia-south1/builds/0dd9e162-6588-4abd-992e-0ce25a0422c7","runtime":"nodejs20","entryPoint":"syncAllUserClaims","source":{"storageSource":{"bucket":"gcf-v2-sources-31484691215-asia-south1","object":"syncAllUserClaims/function-source.zip","generation":"1762598270820157"}},"environmentVariables":{"GOOGLE_NODE_RUN_SCRIPTS":""},"dockerRepository":"projects/tinysteps-react-v1/locations/asia-south1/repositories/gcf-artifacts","sourceProvenance":{"resolvedStorageSource":{"bucket":"gcf-v2-sources-31484691215-asia-south1","object":"syncAllUserClaims/function-source.zip","generation":"1762598270820157"}},"dockerRegistry":"ARTIFACT_REGISTRY","serviceAccount":"projects/tinysteps-react-v1/serviceAccounts/31484691215-compute@developer.gserviceaccount.com","automaticUpdatePolicy":{}},"serviceConfig":{"service":"projects/tinysteps-react-v1/locations/asia-south1/services/syncalluserclaims","timeoutSeconds":540,"environmentVariables":{"FIREBASE_CONFIG":"{\"projectId\":\"tinysteps-react-v1\",\"storageBucket\":\"tinysteps-react-v1.firebasestorage.app\"}","GCLOUD_PROJECT":"tinysteps-react-v1","EVENTARC_CLOUD_EVENT_SOURCE":"projects/tinysteps-react-v1/locations/asia-south1/services/syncAllUserClaims","FUNCTION_TARGET":"syncAllUserClaims","LOG_EXECUTION_ID":"true","FUNCTION_SIGNATURE_TYPE":"http"},"maxInstanceCount":20,"ingressSettings":"ALLOW_ALL","uri":"https://syncalluserclaims-ucavzhfmxq-el.a.run.app","serviceAccountEmail":"31484691215-compute@developer.gserviceaccount.com","availableMemory":"256Mi","allTrafficOnLatestRevision":true,"revision":"syncalluserclaims-00002-rih","maxInstanceRequestConcurrency":80,"availableCpu":"1"},"state":"ACTIVE","updateTime":"2025-11-08T10:37:57.627409735Z","labels":{"firebase-functions-hash":"905ce354940102110f24a878db0933afa0ea059d","deployment-tool":"cli-firebase","deployment-callable":"true"},"environment":"GEN_2","url":"https://asia-south1-tinysteps-react-v1.cloudfunctions.net/syncAllUserClaims","satisfiesPzs":true,"createTime":"2025-11-06T19:07:28.869117293Z","satisfiesPzi":true},{"name":"projects/tinysteps-react-v1/locations/asia-south1/functions/adminSetUserClaims","buildConfig":{"build":"projects/31484691215/locations/asia-south1/builds/0dd9e162-6588-4abd-992e-0ce25a0422c7","runtime":"nodejs20","entryPoint":"adminSetUserClaims","source":{"storageSource":{"bucket":"gcf-v2-sources-31484691215-asia-south1","object":"adminSetUserClaims/function-source.zip","generation":"1762598270924246"}},"environmentVariables":{"GOOGLE_NODE_RUN_SCRIPTS":""},"dockerRepository":"projects/tinysteps-react-v1/locations/asia-south1/repositories/gcf-artifacts","sourceProvenance":{"resolvedStorageSource":{"bucket":"gcf-v2-sources-31484691215-asia-south1","object":"adminSetUserClaims/function-source.zip","generation":"1762598270924246"}},"dockerRegistry":"ARTIFACT_REGISTRY","serviceAccount":"projects/tinysteps-react-v1/serviceAccounts/31484691215-compute@developer.gserviceaccount.com","automaticUpdatePolicy":{}},"serviceConfig":{"service":"projects/tinysteps-react-v1/locations/asia-south1/services/adminsetuserclaims","timeoutSeconds":60,"environmentVariables":{"FIREBASE_CONFIG":"{\"projectId\":\"tinysteps-react-v1\",\"storageBucket\":\"tinysteps-react-v1.firebasestorage.app\"}","GCLOUD_PROJECT":"tinysteps-react-v1","EVENTARC_CLOUD_EVENT_SOURCE":"projects/tinysteps-react-v1/locations/asia-south1/services/adminSetUserClaims","FUNCTION_TARGET":"adminSetUserClaims","LOG_EXECUTION_ID":"true","FUNCTION_SIGNATURE_TYPE":"http"},"maxInstanceCount":20,"ingressSettings":"ALLOW_ALL","uri":"https://adminsetuserclaims-ucavzhfmxq-el.a.run.app","serviceAccountEmail":"31484691215-compute@developer.gserviceaccount.com","availableMemory":"256Mi","allTrafficOnLatestRevision":true,"revision":"adminsetuserclaims-00002-dog","maxInstanceRequestConcurrency":80,"availableCpu":"1"},"state":"ACTIVE","updateTime":"2025-11-08T10:37:57.840754462Z","labels":{"deployment-callable":"true","firebase-functions-hash":"905ce354940102110f24a878db0933afa0ea059d","deployment-tool":"cli-firebase"},"environment":"GEN_2","url":"https://asia-south1-tinysteps-react-v1.cloudfunctions.net/adminSetUserClaims","satisfiesPzs":true,"createTime":"2025-11-06T19:05:20.382713533Z","satisfiesPzi":true},{"name":"projects/tinysteps-react-v1/locations/us-central1/functions/onSessionCreate","buildConfig":{"build":"projects/31484691215/locations/us-central1/builds/15b452a4-5df8-4004-98e6-1951ef87b212","runtime":"nodejs20","entryPoint":"onSessionCreate","source":{"storageSource":{"bucket":"gcf-v2-sources-31484691215-us-central1","object":"onSessionCreate/function-source.zip","generation":"1762598219361817"}},"environmentVariables":{"GOOGLE_NODE_RUN_SCRIPTS":""},"dockerRepository":"projects/tinysteps-react-v1/locations/us-central1/repositories/gcf-artifacts","sourceProvenance":{"resolvedStorageSource":{"bucket":"gcf-v2-sources-31484691215-us-central1","object":"onSessionCreate/function-source.zip","generation":"1762598219361817"}},"dockerRegistry":"ARTIFACT_REGISTRY","serviceAccount":"projects/tinysteps-react-v1/serviceAccounts/31484691215-compute@developer.gserviceaccount.com","automaticUpdatePolicy":{}},"serviceConfig":{"service":"projects/tinysteps-react-v1/locations/us-central1/services/onsessioncreate","timeoutSeconds":60,"environmentVariables":{"FIREBASE_CONFIG":"{\"projectId\":\"tinysteps-react-v1\",\"storageBucket\":\"tinysteps-react-v1.firebasestorage.app\"}","GCLOUD_PROJECT":"tinysteps-react-v1","EVENTARC_CLOUD_EVENT_SOURCE":"projects/tinysteps-react-v1/locations/us-central1/services/onSessionCreate","FUNCTION_SIGNATURE_TYPE":"cloudevent","FUNCTION_TARGET":"onSessionCreate","LOG_EXECUTION_ID":"true"},"maxInstanceCount":20,"ingressSettings":"ALLOW_ALL","uri":"https://onsessioncreate-ucavzhfmxq-uc.a.run.app","serviceAccountEmail":"31484691215-compute@developer.gserviceaccount.com","availableMemory":"256Mi","allTrafficOnLatestRevision":true,"revision":"onsessioncreate-00001-ref","maxInstanceRequestConcurrency":80,"availableCpu":"1"},"eventTrigger":{"trigger":"projects/tinysteps-react-v1/locations/asia-south1/triggers/onsessioncreate-707758","triggerRegion":"asia-south1","eventType":"google.cloud.firestore.document.v1.created","eventFilters":[{"attribute":"namespace","value":"(default)"},{"attribute":"document","value":"students/{sid}/sessions/{sessionId}","operator":"match-path-pattern"},{"attribute":"database","value":"(default)"}],"pubsubTopic":"projects/tinysteps-react-v1/topics/eventarc-asia-south1-onsessioncreate-707758-454","serviceAccountEmail":"31484691215-compute@developer.gserviceaccount.com","retryPolicy":"RETRY_POLICY_DO_NOT_RETRY"},"state":"ACTIVE","updateTime":"2025-11-08T10:38:32.764051908Z","labels":{"deployment-tool":"cli-firebase","firebase-functions-hash":"905ce354940102110f24a878db0933afa0ea059d"},"environment":"GEN_2","url":"https://us-central1-tinysteps-react-v1.cloudfunctions.net/onSessionCreate","createTime":"2025-11-08T10:37:00.514302533Z","satisfiesPzi":true}]}
[debug] [2025-11-08T11:27:47.401Z] Checked if tokens are valid: true, expires at: 1762604843847
[debug] [2025-11-08T11:27:47.401Z] Checked if tokens are valid: true, expires at: 1762604843847
[debug] [2025-11-08T11:27:47.401Z] >>> [apiv2][query] GET https://firestore.googleapis.com/v1/projects/tinysteps-react-v1/databases/(default) [none]
[debug] [2025-11-08T11:27:47.866Z] <<< [apiv2][status] GET https://firestore.googleapis.com/v1/projects/tinysteps-react-v1/databases/(default) 200
[debug] [2025-11-08T11:27:47.866Z] <<< [apiv2][body] GET https://firestore.googleapis.com/v1/projects/tinysteps-react-v1/databases/(default) {"name":"projects/tinysteps-react-v1/databases/(default)","uid":"7c8df766-bca8-43d0-b043-777adfca0c95","createTime":"2025-11-05T19:47:38.723962Z","updateTime":"2025-11-05T19:47:38.723962Z","locationId":"asia-south1","type":"FIRESTORE_NATIVE","concurrencyMode":"PESSIMISTIC","versionRetentionPeriod":"3600s","earliestVersionTime":"2025-11-08T10:27:47.870666Z","appEngineIntegrationMode":"DISABLED","keyPrefix":"j","pointInTimeRecoveryEnablement":"POINT_IN_TIME_RECOVERY_DISABLED","deleteProtectionState":"DELETE_PROTECTION_DISABLED","databaseEdition":"STANDARD","freeTier":true,"realtimeUpdatesMode":"REALTIME_UPDATES_MODE_ENABLED","etag":"IPHyzrO54pADMLX42bLm25AD"}
[info] i  functions: ensuring required API identitytoolkit.googleapis.com is enabled... 
[info] i  functions: ensuring required API run.googleapis.com is enabled... 
[info] i  functions: ensuring required API eventarc.googleapis.com is enabled... 
[info] i  functions: ensuring required API pubsub.googleapis.com is enabled... 
[info] i  functions: ensuring required API storage.googleapis.com is enabled... 
[info] i  functions: generating the service identity for pubsub.googleapis.com... 
[debug] [2025-11-08T11:27:47.872Z] Checked if tokens are valid: true, expires at: 1762604843847
[debug] [2025-11-08T11:27:47.872Z] Checked if tokens are valid: true, expires at: 1762604843847
[info] i  functions: generating the service identity for eventarc.googleapis.com... 
[debug] [2025-11-08T11:27:47.872Z] Checked if tokens are valid: true, expires at: 1762604843847
[debug] [2025-11-08T11:27:47.872Z] Checked if tokens are valid: true, expires at: 1762604843847
[debug] [2025-11-08T11:27:47.872Z] >>> [apiv2][query] POST https://serviceusage.googleapis.com/v1beta1/projects/31484691215/services/pubsub.googleapis.com:generateServiceIdentity [none]
[debug] [2025-11-08T11:27:47.872Z] >>> [apiv2][(partial)header] POST https://serviceusage.googleapis.com/v1beta1/projects/31484691215/services/pubsub.googleapis.com:generateServiceIdentity x-goog-quota-user=projects/31484691215
[debug] [2025-11-08T11:27:47.872Z] >>> [apiv2][body] POST https://serviceusage.googleapis.com/v1beta1/projects/31484691215/services/pubsub.googleapis.com:generateServiceIdentity {}
[debug] [2025-11-08T11:27:47.874Z] >>> [apiv2][query] POST https://serviceusage.googleapis.com/v1beta1/projects/31484691215/services/eventarc.googleapis.com:generateServiceIdentity [none]
[debug] [2025-11-08T11:27:47.874Z] >>> [apiv2][(partial)header] POST https://serviceusage.googleapis.com/v1beta1/projects/31484691215/services/eventarc.googleapis.com:generateServiceIdentity x-goog-quota-user=projects/31484691215
[debug] [2025-11-08T11:27:47.874Z] >>> [apiv2][body] POST https://serviceusage.googleapis.com/v1beta1/projects/31484691215/services/eventarc.googleapis.com:generateServiceIdentity {}
[debug] [2025-11-08T11:27:49.857Z] <<< [apiv2][status] POST https://serviceusage.googleapis.com/v1beta1/projects/31484691215/services/eventarc.googleapis.com:generateServiceIdentity 200
[debug] [2025-11-08T11:27:49.858Z] <<< [apiv2][body] POST https://serviceusage.googleapis.com/v1beta1/projects/31484691215/services/eventarc.googleapis.com:generateServiceIdentity {"name":"operations/finished.DONE_OPERATION","done":true,"response":{"@type":"type.googleapis.com/google.api.serviceusage.v1beta1.ServiceIdentity","email":"service-31484691215@gcp-sa-eventarc.iam.gserviceaccount.com","uniqueId":"113133282361298072298"}}
[debug] [2025-11-08T11:27:49.858Z] <<< [apiv2][status] POST https://serviceusage.googleapis.com/v1beta1/projects/31484691215/services/pubsub.googleapis.com:generateServiceIdentity 200
[debug] [2025-11-08T11:27:49.858Z] <<< [apiv2][body] POST https://serviceusage.googleapis.com/v1beta1/projects/31484691215/services/pubsub.googleapis.com:generateServiceIdentity {"name":"operations/finished.DONE_OPERATION","done":true,"response":{"@type":"type.googleapis.com/google.api.serviceusage.v1beta1.ServiceIdentity","email":"service-31484691215@gcp-sa-pubsub.iam.gserviceaccount.com","uniqueId":"103214954970314383359"}}
[debug] [2025-11-08T11:27:49.863Z] Checked if tokens are valid: true, expires at: 1762604843847
[debug] [2025-11-08T11:27:49.863Z] Checked if tokens are valid: true, expires at: 1762604843847
[debug] [2025-11-08T11:27:49.864Z] >>> [apiv2][query] GET https://cloudresourcemanager.googleapis.com/v1/projects/tinysteps-react-v1 [none]
[debug] [2025-11-08T11:27:51.288Z] <<< [apiv2][status] GET https://cloudresourcemanager.googleapis.com/v1/projects/tinysteps-react-v1 200
[debug] [2025-11-08T11:27:51.288Z] <<< [apiv2][body] GET https://cloudresourcemanager.googleapis.com/v1/projects/tinysteps-react-v1 {"projectNumber":"31484691215","projectId":"tinysteps-react-v1","lifecycleState":"ACTIVE","name":"tinysteps-react-v1","labels":{"firebase":"enabled","firebase-core":"disabled"},"createTime":"2025-10-30T20:07:30.006079Z"}
[debug] [2025-11-08T11:27:51.288Z] Checked if tokens are valid: true, expires at: 1762604843847
[debug] [2025-11-08T11:27:51.288Z] Checked if tokens are valid: true, expires at: 1762604843847
[debug] [2025-11-08T11:27:51.288Z] >>> [apiv2][query] GET https://compute.googleapis.com/compute/v1/projects/31484691215 [none]
[debug] [2025-11-08T11:27:51.697Z] <<< [apiv2][status] GET https://compute.googleapis.com/compute/v1/projects/31484691215 403
[debug] [2025-11-08T11:27:51.697Z] <<< [apiv2][body] GET https://compute.googleapis.com/compute/v1/projects/31484691215 {"error":{"code":403,"message":"Compute Engine API has not been used in project 31484691215 before or it is disabled. Enable it by visiting https://console.developers.google.com/apis/api/compute.googleapis.com/overview?project=31484691215 then retry. If you enabled this API recently, wait a few minutes for the action to propagate to our systems and retry.","errors":[{"message":"Compute Engine API has not been used in project 31484691215 before or it is disabled. Enable it by visiting https://console.developers.google.com/apis/api/compute.googleapis.com/overview?project=31484691215 then retry. If you enabled this API recently, wait a few minutes for the action to propagate to our systems and retry.","domain":"usageLimits","reason":"accessNotConfigured","extendedHelp":"https://console.developers.google.com"}],"status":"PERMISSION_DENIED","details":[{"@type":"type.googleapis.com/google.rpc.ErrorInfo","reason":"SERVICE_DISABLED","domain":"googleapis.com","metadata":{"serviceTitle":"Compute Engine API","consumer":"projects/31484691215","service":"compute.googleapis.com","containerInfo":"31484691215","activationUrl":"https://console.developers.google.com/apis/api/compute.googleapis.com/overview?project=31484691215"}},{"@type":"type.googleapis.com/google.rpc.LocalizedMessage","locale":"en-US","message":"Compute Engine API has not been used in project 31484691215 before or it is disabled. Enable it by visiting https://console.developers.google.com/apis/api/compute.googleapis.com/overview?project=31484691215 then retry. If you enabled this API recently, wait a few minutes for the action to propagate to our systems and retry."},{"@type":"type.googleapis.com/google.rpc.Help","links":[{"description":"Google developers console API activation","url":"https://console.developers.google.com/apis/api/compute.googleapis.com/overview?project=31484691215"}]}]}}
[debug] [2025-11-08T11:27:51.698Z] unable to look up default compute service account. Falling back to 31484691215-compute@developer.gserviceaccount.com. Error: {"name":"FirebaseError","children":[],"context":{"body":{"error":{"code":403,"message":"Compute Engine API has not been used in project 31484691215 before or it is disabled. Enable it by visiting https://console.developers.google.com/apis/api/compute.googleapis.com/overview?project=31484691215 then retry. If you enabled this API recently, wait a few minutes for the action to propagate to our systems and retry.","errors":[{"message":"Compute Engine API has not been used in project 31484691215 before or it is disabled. Enable it by visiting https://console.developers.google.com/apis/api/compute.googleapis.com/overview?project=31484691215 then retry. If you enabled this API recently, wait a few minutes for the action to propagate to our systems and retry.","domain":"usageLimits","reason":"accessNotConfigured","extendedHelp":"https://console.developers.google.com"}],"status":"PERMISSION_DENIED","details":[{"@type":"type.googleapis.com/google.rpc.ErrorInfo","reason":"SERVICE_DISABLED","domain":"googleapis.com","metadata":{"serviceTitle":"Compute Engine API","consumer":"projects/31484691215","service":"compute.googleapis.com","containerInfo":"31484691215","activationUrl":"https://console.developers.google.com/apis/api/compute.googleapis.com/overview?project=31484691215"}},{"@type":"type.googleapis.com/google.rpc.LocalizedMessage","locale":"en-US","message":"Compute Engine API has not been used in project 31484691215 before or it is disabled. Enable it by visiting https://console.developers.google.com/apis/api/compute.googleapis.com/overview?project=31484691215 then retry. If you enabled this API recently, wait a few minutes for the action to propagate to our systems and retry."},{"@type":"type.googleapis.com/google.rpc.Help","links":[{"description":"Google developers console API activation","url":"https://console.developers.google.com/apis/api/compute.googleapis.com/overview?project=31484691215"}]}]}},"response":{"statusCode":403}},"exit":1,"message":"Request to https://compute.googleapis.com/compute/v1/projects/31484691215 had HTTP Error: 403, Compute Engine API has not been used in project 31484691215 before or it is disabled. Enable it by visiting https://console.developers.google.com/apis/api/compute.googleapis.com/overview?project=31484691215 then retry. If you enabled this API recently, wait a few minutes for the action to propagate to our systems and retry.","status":403}
[debug] [2025-11-08T11:27:51.698Z] Checked if tokens are valid: true, expires at: 1762604843847
[debug] [2025-11-08T11:27:51.698Z] Checked if tokens are valid: true, expires at: 1762604843847
[debug] [2025-11-08T11:27:51.698Z] >>> [apiv2][query] GET https://compute.googleapis.com/compute/v1/projects/31484691215 [none]
[debug] [2025-11-08T11:27:52.043Z] <<< [apiv2][status] GET https://compute.googleapis.com/compute/v1/projects/31484691215 403
[debug] [2025-11-08T11:27:52.043Z] <<< [apiv2][body] GET https://compute.googleapis.com/compute/v1/projects/31484691215 {"error":{"code":403,"message":"Compute Engine API has not been used in project 31484691215 before or it is disabled. Enable it by visiting https://console.developers.google.com/apis/api/compute.googleapis.com/overview?project=31484691215 then retry. If you enabled this API recently, wait a few minutes for the action to propagate to our systems and retry.","errors":[{"message":"Compute Engine API has not been used in project 31484691215 before or it is disabled. Enable it by visiting https://console.developers.google.com/apis/api/compute.googleapis.com/overview?project=31484691215 then retry. If you enabled this API recently, wait a few minutes for the action to propagate to our systems and retry.","domain":"usageLimits","reason":"accessNotConfigured","extendedHelp":"https://console.developers.google.com"}],"status":"PERMISSION_DENIED","details":[{"@type":"type.googleapis.com/google.rpc.ErrorInfo","reason":"SERVICE_DISABLED","domain":"googleapis.com","metadata":{"activationUrl":"https://console.developers.google.com/apis/api/compute.googleapis.com/overview?project=31484691215","serviceTitle":"Compute Engine API","consumer":"projects/31484691215","containerInfo":"31484691215","service":"compute.googleapis.com"}},{"@type":"type.googleapis.com/google.rpc.LocalizedMessage","locale":"en-US","message":"Compute Engine API has not been used in project 31484691215 before or it is disabled. Enable it by visiting https://console.developers.google.com/apis/api/compute.googleapis.com/overview?project=31484691215 then retry. If you enabled this API recently, wait a few minutes for the action to propagate to our systems and retry."},{"@type":"type.googleapis.com/google.rpc.Help","links":[{"description":"Google developers console API activation","url":"https://console.developers.google.com/apis/api/compute.googleapis.com/overview?project=31484691215"}]}]}}
[debug] [2025-11-08T11:27:52.043Z] unable to look up default compute service account. Falling back to 31484691215-compute@developer.gserviceaccount.com. Error: {"name":"FirebaseError","children":[],"context":{"body":{"error":{"code":403,"message":"Compute Engine API has not been used in project 31484691215 before or it is disabled. Enable it by visiting https://console.developers.google.com/apis/api/compute.googleapis.com/overview?project=31484691215 then retry. If you enabled this API recently, wait a few minutes for the action to propagate to our systems and retry.","errors":[{"message":"Compute Engine API has not been used in project 31484691215 before or it is disabled. Enable it by visiting https://console.developers.google.com/apis/api/compute.googleapis.com/overview?project=31484691215 then retry. If you enabled this API recently, wait a few minutes for the action to propagate to our systems and retry.","domain":"usageLimits","reason":"accessNotConfigured","extendedHelp":"https://console.developers.google.com"}],"status":"PERMISSION_DENIED","details":[{"@type":"type.googleapis.com/google.rpc.ErrorInfo","reason":"SERVICE_DISABLED","domain":"googleapis.com","metadata":{"activationUrl":"https://console.developers.google.com/apis/api/compute.googleapis.com/overview?project=31484691215","serviceTitle":"Compute Engine API","consumer":"projects/31484691215","containerInfo":"31484691215","service":"compute.googleapis.com"}},{"@type":"type.googleapis.com/google.rpc.LocalizedMessage","locale":"en-US","message":"Compute Engine API has not been used in project 31484691215 before or it is disabled. Enable it by visiting https://console.developers.google.com/apis/api/compute.googleapis.com/overview?project=31484691215 then retry. If you enabled this API recently, wait a few minutes for the action to propagate to our systems and retry."},{"@type":"type.googleapis.com/google.rpc.Help","links":[{"description":"Google developers console API activation","url":"https://console.developers.google.com/apis/api/compute.googleapis.com/overview?project=31484691215"}]}]}},"response":{"statusCode":403}},"exit":1,"message":"Request to https://compute.googleapis.com/compute/v1/projects/31484691215 had HTTP Error: 403, Compute Engine API has not been used in project 31484691215 before or it is disabled. Enable it by visiting https://console.developers.google.com/apis/api/compute.googleapis.com/overview?project=31484691215 then retry. If you enabled this API recently, wait a few minutes for the action to propagate to our systems and retry.","status":403}
[debug] [2025-11-08T11:27:52.044Z] Checked if tokens are valid: true, expires at: 1762604843847
[debug] [2025-11-08T11:27:52.044Z] Checked if tokens are valid: true, expires at: 1762604843847
[debug] [2025-11-08T11:27:52.044Z] >>> [apiv2][query] GET https://compute.googleapis.com/compute/v1/projects/31484691215 [none]
[debug] [2025-11-08T11:27:52.349Z] <<< [apiv2][status] GET https://compute.googleapis.com/compute/v1/projects/31484691215 403
[debug] [2025-11-08T11:27:52.349Z] <<< [apiv2][body] GET https://compute.googleapis.com/compute/v1/projects/31484691215 {"error":{"code":403,"message":"Compute Engine API has not been used in project 31484691215 before or it is disabled. Enable it by visiting https://console.developers.google.com/apis/api/compute.googleapis.com/overview?project=31484691215 then retry. If you enabled this API recently, wait a few minutes for the action to propagate to our systems and retry.","errors":[{"message":"Compute Engine API has not been used in project 31484691215 before or it is disabled. Enable it by visiting https://console.developers.google.com/apis/api/compute.googleapis.com/overview?project=31484691215 then retry. If you enabled this API recently, wait a few minutes for the action to propagate to our systems and retry.","domain":"usageLimits","reason":"accessNotConfigured","extendedHelp":"https://console.developers.google.com"}],"status":"PERMISSION_DENIED","details":[{"@type":"type.googleapis.com/google.rpc.ErrorInfo","reason":"SERVICE_DISABLED","domain":"googleapis.com","metadata":{"service":"compute.googleapis.com","consumer":"projects/31484691215","activationUrl":"https://console.developers.google.com/apis/api/compute.googleapis.com/overview?project=31484691215","containerInfo":"31484691215","serviceTitle":"Compute Engine API"}},{"@type":"type.googleapis.com/google.rpc.LocalizedMessage","locale":"en-US","message":"Compute Engine API has not been used in project 31484691215 before or it is disabled. Enable it by visiting https://console.developers.google.com/apis/api/compute.googleapis.com/overview?project=31484691215 then retry. If you enabled this API recently, wait a few minutes for the action to propagate to our systems and retry."},{"@type":"type.googleapis.com/google.rpc.Help","links":[{"description":"Google developers console API activation","url":"https://console.developers.google.com/apis/api/compute.googleapis.com/overview?project=31484691215"}]}]}}
[debug] [2025-11-08T11:27:52.350Z] unable to look up default compute service account. Falling back to 31484691215-compute@developer.gserviceaccount.com. Error: {"name":"FirebaseError","children":[],"context":{"body":{"error":{"code":403,"message":"Compute Engine API has not been used in project 31484691215 before or it is disabled. Enable it by visiting https://console.developers.google.com/apis/api/compute.googleapis.com/overview?project=31484691215 then retry. If you enabled this API recently, wait a few minutes for the action to propagate to our systems and retry.","errors":[{"message":"Compute Engine API has not been used in project 31484691215 before or it is disabled. Enable it by visiting https://console.developers.google.com/apis/api/compute.googleapis.com/overview?project=31484691215 then retry. If you enabled this API recently, wait a few minutes for the action to propagate to our systems and retry.","domain":"usageLimits","reason":"accessNotConfigured","extendedHelp":"https://console.developers.google.com"}],"status":"PERMISSION_DENIED","details":[{"@type":"type.googleapis.com/google.rpc.ErrorInfo","reason":"SERVICE_DISABLED","domain":"googleapis.com","metadata":{"service":"compute.googleapis.com","consumer":"projects/31484691215","activationUrl":"https://console.developers.google.com/apis/api/compute.googleapis.com/overview?project=31484691215","containerInfo":"31484691215","serviceTitle":"Compute Engine API"}},{"@type":"type.googleapis.com/google.rpc.LocalizedMessage","locale":"en-US","message":"Compute Engine API has not been used in project 31484691215 before or it is disabled. Enable it by visiting https://console.developers.google.com/apis/api/compute.googleapis.com/overview?project=31484691215 then retry. If you enabled this API recently, wait a few minutes for the action to propagate to our systems and retry."},{"@type":"type.googleapis.com/google.rpc.Help","links":[{"description":"Google developers console API activation","url":"https://console.developers.google.com/apis/api/compute.googleapis.com/overview?project=31484691215"}]}]}},"response":{"statusCode":403}},"exit":1,"message":"Request to https://compute.googleapis.com/compute/v1/projects/31484691215 had HTTP Error: 403, Compute Engine API has not been used in project 31484691215 before or it is disabled. Enable it by visiting https://console.developers.google.com/apis/api/compute.googleapis.com/overview?project=31484691215 then retry. If you enabled this API recently, wait a few minutes for the action to propagate to our systems and retry.","status":403}
[debug] [2025-11-08T11:27:52.350Z] Checked if tokens are valid: true, expires at: 1762604843847
[debug] [2025-11-08T11:27:52.350Z] Checked if tokens are valid: true, expires at: 1762604843847
[debug] [2025-11-08T11:27:52.350Z] >>> [apiv2][query] GET https://compute.googleapis.com/compute/v1/projects/31484691215 [none]
[debug] [2025-11-08T11:27:52.642Z] <<< [apiv2][status] GET https://compute.googleapis.com/compute/v1/projects/31484691215 403
[debug] [2025-11-08T11:27:52.642Z] <<< [apiv2][body] GET https://compute.googleapis.com/compute/v1/projects/31484691215 {"error":{"code":403,"message":"Compute Engine API has not been used in project 31484691215 before or it is disabled. Enable it by visiting https://console.developers.google.com/apis/api/compute.googleapis.com/overview?project=31484691215 then retry. If you enabled this API recently, wait a few minutes for the action to propagate to our systems and retry.","errors":[{"message":"Compute Engine API has not been used in project 31484691215 before or it is disabled. Enable it by visiting https://console.developers.google.com/apis/api/compute.googleapis.com/overview?project=31484691215 then retry. If you enabled this API recently, wait a few minutes for the action to propagate to our systems and retry.","domain":"usageLimits","reason":"accessNotConfigured","extendedHelp":"https://console.developers.google.com"}],"status":"PERMISSION_DENIED","details":[{"@type":"type.googleapis.com/google.rpc.ErrorInfo","reason":"SERVICE_DISABLED","domain":"googleapis.com","metadata":{"service":"compute.googleapis.com","containerInfo":"31484691215","consumer":"projects/31484691215","activationUrl":"https://console.developers.google.com/apis/api/compute.googleapis.com/overview?project=31484691215","serviceTitle":"Compute Engine API"}},{"@type":"type.googleapis.com/google.rpc.LocalizedMessage","locale":"en-US","message":"Compute Engine API has not been used in project 31484691215 before or it is disabled. Enable it by visiting https://console.developers.google.com/apis/api/compute.googleapis.com/overview?project=31484691215 then retry. If you enabled this API recently, wait a few minutes for the action to propagate to our systems and retry."},{"@type":"type.googleapis.com/google.rpc.Help","links":[{"description":"Google developers console API activation","url":"https://console.developers.google.com/apis/api/compute.googleapis.com/overview?project=31484691215"}]}]}}
[debug] [2025-11-08T11:27:52.642Z] unable to look up default compute service account. Falling back to 31484691215-compute@developer.gserviceaccount.com. Error: {"name":"FirebaseError","children":[],"context":{"body":{"error":{"code":403,"message":"Compute Engine API has not been used in project 31484691215 before or it is disabled. Enable it by visiting https://console.developers.google.com/apis/api/compute.googleapis.com/overview?project=31484691215 then retry. If you enabled this API recently, wait a few minutes for the action to propagate to our systems and retry.","errors":[{"message":"Compute Engine API has not been used in project 31484691215 before or it is disabled. Enable it by visiting https://console.developers.google.com/apis/api/compute.googleapis.com/overview?project=31484691215 then retry. If you enabled this API recently, wait a few minutes for the action to propagate to our systems and retry.","domain":"usageLimits","reason":"accessNotConfigured","extendedHelp":"https://console.developers.google.com"}],"status":"PERMISSION_DENIED","details":[{"@type":"type.googleapis.com/google.rpc.ErrorInfo","reason":"SERVICE_DISABLED","domain":"googleapis.com","metadata":{"service":"compute.googleapis.com","containerInfo":"31484691215","consumer":"projects/31484691215","activationUrl":"https://console.developers.google.com/apis/api/compute.googleapis.com/overview?project=31484691215","serviceTitle":"Compute Engine API"}},{"@type":"type.googleapis.com/google.rpc.LocalizedMessage","locale":"en-US","message":"Compute Engine API has not been used in project 31484691215 before or it is disabled. Enable it by visiting https://console.developers.google.com/apis/api/compute.googleapis.com/overview?project=31484691215 then retry. If you enabled this API recently, wait a few minutes for the action to propagate to our systems and retry."},{"@type":"type.googleapis.com/google.rpc.Help","links":[{"description":"Google developers console API activation","url":"https://console.developers.google.com/apis/api/compute.googleapis.com/overview?project=31484691215"}]}]}},"response":{"statusCode":403}},"exit":1,"message":"Request to https://compute.googleapis.com/compute/v1/projects/31484691215 had HTTP Error: 403, Compute Engine API has not been used in project 31484691215 before or it is disabled. Enable it by visiting https://console.developers.google.com/apis/api/compute.googleapis.com/overview?project=31484691215 then retry. If you enabled this API recently, wait a few minutes for the action to propagate to our systems and retry.","status":403}
[debug] [2025-11-08T11:27:52.643Z] Checked if tokens are valid: true, expires at: 1762604843847
[debug] [2025-11-08T11:27:52.643Z] Checked if tokens are valid: true, expires at: 1762604843847
[debug] [2025-11-08T11:27:52.643Z] >>> [apiv2][query] GET https://compute.googleapis.com/compute/v1/projects/31484691215 [none]
[debug] [2025-11-08T11:27:52.938Z] <<< [apiv2][status] GET https://compute.googleapis.com/compute/v1/projects/31484691215 403
[debug] [2025-11-08T11:27:52.939Z] <<< [apiv2][body] GET https://compute.googleapis.com/compute/v1/projects/31484691215 {"error":{"code":403,"message":"Compute Engine API has not been used in project 31484691215 before or it is disabled. Enable it by visiting https://console.developers.google.com/apis/api/compute.googleapis.com/overview?project=31484691215 then retry. If you enabled this API recently, wait a few minutes for the action to propagate to our systems and retry.","errors":[{"message":"Compute Engine API has not been used in project 31484691215 before or it is disabled. Enable it by visiting https://console.developers.google.com/apis/api/compute.googleapis.com/overview?project=31484691215 then retry. If you enabled this API recently, wait a few minutes for the action to propagate to our systems and retry.","domain":"usageLimits","reason":"accessNotConfigured","extendedHelp":"https://console.developers.google.com"}],"status":"PERMISSION_DENIED","details":[{"@type":"type.googleapis.com/google.rpc.ErrorInfo","reason":"SERVICE_DISABLED","domain":"googleapis.com","metadata":{"containerInfo":"31484691215","consumer":"projects/31484691215","service":"compute.googleapis.com","activationUrl":"https://console.developers.google.com/apis/api/compute.googleapis.com/overview?project=31484691215","serviceTitle":"Compute Engine API"}},{"@type":"type.googleapis.com/google.rpc.LocalizedMessage","locale":"en-US","message":"Compute Engine API has not been used in project 31484691215 before or it is disabled. Enable it by visiting https://console.developers.google.com/apis/api/compute.googleapis.com/overview?project=31484691215 then retry. If you enabled this API recently, wait a few minutes for the action to propagate to our systems and retry."},{"@type":"type.googleapis.com/google.rpc.Help","links":[{"description":"Google developers console API activation","url":"https://console.developers.google.com/apis/api/compute.googleapis.com/overview?project=31484691215"}]}]}}
[debug] [2025-11-08T11:27:52.939Z] unable to look up default compute service account. Falling back to 31484691215-compute@developer.gserviceaccount.com. Error: {"name":"FirebaseError","children":[],"context":{"body":{"error":{"code":403,"message":"Compute Engine API has not been used in project 31484691215 before or it is disabled. Enable it by visiting https://console.developers.google.com/apis/api/compute.googleapis.com/overview?project=31484691215 then retry. If you enabled this API recently, wait a few minutes for the action to propagate to our systems and retry.","errors":[{"message":"Compute Engine API has not been used in project 31484691215 before or it is disabled. Enable it by visiting https://console.developers.google.com/apis/api/compute.googleapis.com/overview?project=31484691215 then retry. If you enabled this API recently, wait a few minutes for the action to propagate to our systems and retry.","domain":"usageLimits","reason":"accessNotConfigured","extendedHelp":"https://console.developers.google.com"}],"status":"PERMISSION_DENIED","details":[{"@type":"type.googleapis.com/google.rpc.ErrorInfo","reason":"SERVICE_DISABLED","domain":"googleapis.com","metadata":{"containerInfo":"31484691215","consumer":"projects/31484691215","service":"compute.googleapis.com","activationUrl":"https://console.developers.google.com/apis/api/compute.googleapis.com/overview?project=31484691215","serviceTitle":"Compute Engine API"}},{"@type":"type.googleapis.com/google.rpc.LocalizedMessage","locale":"en-US","message":"Compute Engine API has not been used in project 31484691215 before or it is disabled. Enable it by visiting https://console.developers.google.com/apis/api/compute.googleapis.com/overview?project=31484691215 then retry. If you enabled this API recently, wait a few minutes for the action to propagate to our systems and retry."},{"@type":"type.googleapis.com/google.rpc.Help","links":[{"description":"Google developers console API activation","url":"https://console.developers.google.com/apis/api/compute.googleapis.com/overview?project=31484691215"}]}]}},"response":{"statusCode":403}},"exit":1,"message":"Request to https://compute.googleapis.com/compute/v1/projects/31484691215 had HTTP Error: 403, Compute Engine API has not been used in project 31484691215 before or it is disabled. Enable it by visiting https://console.developers.google.com/apis/api/compute.googleapis.com/overview?project=31484691215 then retry. If you enabled this API recently, wait a few minutes for the action to propagate to our systems and retry.","status":403}
[debug] [2025-11-08T11:27:52.939Z] Checked if tokens are valid: true, expires at: 1762604843847
[debug] [2025-11-08T11:27:52.939Z] Checked if tokens are valid: true, expires at: 1762604843847
[debug] [2025-11-08T11:27:52.939Z] >>> [apiv2][query] GET https://compute.googleapis.com/compute/v1/projects/31484691215 [none]
[debug] [2025-11-08T11:27:53.209Z] <<< [apiv2][status] GET https://compute.googleapis.com/compute/v1/projects/31484691215 403
[debug] [2025-11-08T11:27:53.209Z] <<< [apiv2][body] GET https://compute.googleapis.com/compute/v1/projects/31484691215 {"error":{"code":403,"message":"Compute Engine API has not been used in project 31484691215 before or it is disabled. Enable it by visiting https://console.developers.google.com/apis/api/compute.googleapis.com/overview?project=31484691215 then retry. If you enabled this API recently, wait a few minutes for the action to propagate to our systems and retry.","errors":[{"message":"Compute Engine API has not been used in project 31484691215 before or it is disabled. Enable it by visiting https://console.developers.google.com/apis/api/compute.googleapis.com/overview?project=31484691215 then retry. If you enabled this API recently, wait a few minutes for the action to propagate to our systems and retry.","domain":"usageLimits","reason":"accessNotConfigured","extendedHelp":"https://console.developers.google.com"}],"status":"PERMISSION_DENIED","details":[{"@type":"type.googleapis.com/google.rpc.ErrorInfo","reason":"SERVICE_DISABLED","domain":"googleapis.com","metadata":{"service":"compute.googleapis.com","activationUrl":"https://console.developers.google.com/apis/api/compute.googleapis.com/overview?project=31484691215","serviceTitle":"Compute Engine API","consumer":"projects/31484691215","containerInfo":"31484691215"}},{"@type":"type.googleapis.com/google.rpc.LocalizedMessage","locale":"en-US","message":"Compute Engine API has not been used in project 31484691215 before or it is disabled. Enable it by visiting https://console.developers.google.com/apis/api/compute.googleapis.com/overview?project=31484691215 then retry. If you enabled this API recently, wait a few minutes for the action to propagate to our systems and retry."},{"@type":"type.googleapis.com/google.rpc.Help","links":[{"description":"Google developers console API activation","url":"https://console.developers.google.com/apis/api/compute.googleapis.com/overview?project=31484691215"}]}]}}
[debug] [2025-11-08T11:27:53.209Z] unable to look up default compute service account. Falling back to 31484691215-compute@developer.gserviceaccount.com. Error: {"name":"FirebaseError","children":[],"context":{"body":{"error":{"code":403,"message":"Compute Engine API has not been used in project 31484691215 before or it is disabled. Enable it by visiting https://console.developers.google.com/apis/api/compute.googleapis.com/overview?project=31484691215 then retry. If you enabled this API recently, wait a few minutes for the action to propagate to our systems and retry.","errors":[{"message":"Compute Engine API has not been used in project 31484691215 before or it is disabled. Enable it by visiting https://console.developers.google.com/apis/api/compute.googleapis.com/overview?project=31484691215 then retry. If you enabled this API recently, wait a few minutes for the action to propagate to our systems and retry.","domain":"usageLimits","reason":"accessNotConfigured","extendedHelp":"https://console.developers.google.com"}],"status":"PERMISSION_DENIED","details":[{"@type":"type.googleapis.com/google.rpc.ErrorInfo","reason":"SERVICE_DISABLED","domain":"googleapis.com","metadata":{"service":"compute.googleapis.com","activationUrl":"https://console.developers.google.com/apis/api/compute.googleapis.com/overview?project=31484691215","serviceTitle":"Compute Engine API","consumer":"projects/31484691215","containerInfo":"31484691215"}},{"@type":"type.googleapis.com/google.rpc.LocalizedMessage","locale":"en-US","message":"Compute Engine API has not been used in project 31484691215 before or it is disabled. Enable it by visiting https://console.developers.google.com/apis/api/compute.googleapis.com/overview?project=31484691215 then retry. If you enabled this API recently, wait a few minutes for the action to propagate to our systems and retry."},{"@type":"type.googleapis.com/google.rpc.Help","links":[{"description":"Google developers console API activation","url":"https://console.developers.google.com/apis/api/compute.googleapis.com/overview?project=31484691215"}]}]}},"response":{"statusCode":403}},"exit":1,"message":"Request to https://compute.googleapis.com/compute/v1/projects/31484691215 had HTTP Error: 403, Compute Engine API has not been used in project 31484691215 before or it is disabled. Enable it by visiting https://console.developers.google.com/apis/api/compute.googleapis.com/overview?project=31484691215 then retry. If you enabled this API recently, wait a few minutes for the action to propagate to our systems and retry.","status":403}
[debug] [2025-11-08T11:27:53.209Z] Checked if tokens are valid: true, expires at: 1762604843847
[debug] [2025-11-08T11:27:53.209Z] Checked if tokens are valid: true, expires at: 1762604843847
[debug] [2025-11-08T11:27:53.209Z] >>> [apiv2][query] GET https://compute.googleapis.com/compute/v1/projects/31484691215 [none]
[debug] [2025-11-08T11:27:53.504Z] <<< [apiv2][status] GET https://compute.googleapis.com/compute/v1/projects/31484691215 403
[debug] [2025-11-08T11:27:53.504Z] <<< [apiv2][body] GET https://compute.googleapis.com/compute/v1/projects/31484691215 {"error":{"code":403,"message":"Compute Engine API has not been used in project 31484691215 before or it is disabled. Enable it by visiting https://console.developers.google.com/apis/api/compute.googleapis.com/overview?project=31484691215 then retry. If you enabled this API recently, wait a few minutes for the action to propagate to our systems and retry.","errors":[{"message":"Compute Engine API has not been used in project 31484691215 before or it is disabled. Enable it by visiting https://console.developers.google.com/apis/api/compute.googleapis.com/overview?project=31484691215 then retry. If you enabled this API recently, wait a few minutes for the action to propagate to our systems and retry.","domain":"usageLimits","reason":"accessNotConfigured","extendedHelp":"https://console.developers.google.com"}],"status":"PERMISSION_DENIED","details":[{"@type":"type.googleapis.com/google.rpc.ErrorInfo","reason":"SERVICE_DISABLED","domain":"googleapis.com","metadata":{"activationUrl":"https://console.developers.google.com/apis/api/compute.googleapis.com/overview?project=31484691215","containerInfo":"31484691215","service":"compute.googleapis.com","serviceTitle":"Compute Engine API","consumer":"projects/31484691215"}},{"@type":"type.googleapis.com/google.rpc.LocalizedMessage","locale":"en-US","message":"Compute Engine API has not been used in project 31484691215 before or it is disabled. Enable it by visiting https://console.developers.google.com/apis/api/compute.googleapis.com/overview?project=31484691215 then retry. If you enabled this API recently, wait a few minutes for the action to propagate to our systems and retry."},{"@type":"type.googleapis.com/google.rpc.Help","links":[{"description":"Google developers console API activation","url":"https://console.developers.google.com/apis/api/compute.googleapis.com/overview?project=31484691215"}]}]}}
[debug] [2025-11-08T11:27:53.504Z] unable to look up default compute service account. Falling back to 31484691215-compute@developer.gserviceaccount.com. Error: {"name":"FirebaseError","children":[],"context":{"body":{"error":{"code":403,"message":"Compute Engine API has not been used in project 31484691215 before or it is disabled. Enable it by visiting https://console.developers.google.com/apis/api/compute.googleapis.com/overview?project=31484691215 then retry. If you enabled this API recently, wait a few minutes for the action to propagate to our systems and retry.","errors":[{"message":"Compute Engine API has not been used in project 31484691215 before or it is disabled. Enable it by visiting https://console.developers.google.com/apis/api/compute.googleapis.com/overview?project=31484691215 then retry. If you enabled this API recently, wait a few minutes for the action to propagate to our systems and retry.","domain":"usageLimits","reason":"accessNotConfigured","extendedHelp":"https://console.developers.google.com"}],"status":"PERMISSION_DENIED","details":[{"@type":"type.googleapis.com/google.rpc.ErrorInfo","reason":"SERVICE_DISABLED","domain":"googleapis.com","metadata":{"activationUrl":"https://console.developers.google.com/apis/api/compute.googleapis.com/overview?project=31484691215","containerInfo":"31484691215","service":"compute.googleapis.com","serviceTitle":"Compute Engine API","consumer":"projects/31484691215"}},{"@type":"type.googleapis.com/google.rpc.LocalizedMessage","locale":"en-US","message":"Compute Engine API has not been used in project 31484691215 before or it is disabled. Enable it by visiting https://console.developers.google.com/apis/api/compute.googleapis.com/overview?project=31484691215 then retry. If you enabled this API recently, wait a few minutes for the action to propagate to our systems and retry."},{"@type":"type.googleapis.com/google.rpc.Help","links":[{"description":"Google developers console API activation","url":"https://console.developers.google.com/apis/api/compute.googleapis.com/overview?project=31484691215"}]}]}},"response":{"statusCode":403}},"exit":1,"message":"Request to https://compute.googleapis.com/compute/v1/projects/31484691215 had HTTP Error: 403, Compute Engine API has not been used in project 31484691215 before or it is disabled. Enable it by visiting https://console.developers.google.com/apis/api/compute.googleapis.com/overview?project=31484691215 then retry. If you enabled this API recently, wait a few minutes for the action to propagate to our systems and retry.","status":403}
[debug] [2025-11-08T11:27:53.507Z] Checked if tokens are valid: true, expires at: 1762604843847
[debug] [2025-11-08T11:27:53.507Z] Checked if tokens are valid: true, expires at: 1762604843847
[debug] [2025-11-08T11:27:53.507Z] >>> [apiv2][query] GET https://cloudbilling.googleapis.com/v1/projects/tinysteps-react-v1/billingInfo [none]
